
Discarded input sections

 .text          0x0000000000000000        0x0 build/src/main.o
 .data          0x0000000000000000        0x0 build/src/main.o
 .bss           0x0000000000000000        0x0 build/src/main.o
 .text          0x0000000000000000        0x0 build/driver/adc.o
 .data          0x0000000000000000        0x0 build/driver/adc.o
 .bss           0x0000000000000000        0x0 build/driver/adc.o
 .text.ADC_Init
                0x0000000000000000       0x6c build/driver/adc.o
 .text.ADC_Read
                0x0000000000000000       0x1c build/driver/adc.o
 .text.ADC_ReadVoltage
                0x0000000000000000       0x38 build/driver/adc.o
 .comment       0x0000000000000000       0x34 build/driver/adc.o
 .ARM.attributes
                0x0000000000000000       0x2d build/driver/adc.o
 .text          0x0000000000000000        0x0 build/driver/uart.o
 .data          0x0000000000000000        0x0 build/driver/uart.o
 .bss           0x0000000000000000        0x0 build/driver/uart.o
 .text.UART_SendChar
                0x0000000000000000       0x14 build/driver/uart.o
 .text          0x0000000000000000        0x0 build/driver/timer.o
 .data          0x0000000000000000        0x0 build/driver/timer.o
 .bss           0x0000000000000000        0x0 build/driver/timer.o
 .text          0x0000000000000000        0x0 build/cmsis/core_cm3.o
 .data          0x0000000000000000        0x0 build/cmsis/core_cm3.o
 .bss           0x0000000000000000        0x0 build/cmsis/core_cm3.o
 .text.__get_PSP
                0x0000000000000000        0x8 build/cmsis/core_cm3.o
 .text.__set_PSP
                0x0000000000000000        0x8 build/cmsis/core_cm3.o
 .text.__get_MSP
                0x0000000000000000        0x8 build/cmsis/core_cm3.o
 .text.__set_MSP
                0x0000000000000000        0x8 build/cmsis/core_cm3.o
 .text.__get_BASEPRI
                0x0000000000000000        0x8 build/cmsis/core_cm3.o
 .text.__set_BASEPRI
                0x0000000000000000        0x8 build/cmsis/core_cm3.o
 .text.__get_PRIMASK
                0x0000000000000000        0x8 build/cmsis/core_cm3.o
 .text.__set_PRIMASK
                0x0000000000000000        0x8 build/cmsis/core_cm3.o
 .text.__get_FAULTMASK
                0x0000000000000000        0x8 build/cmsis/core_cm3.o
 .text.__set_FAULTMASK
                0x0000000000000000        0x8 build/cmsis/core_cm3.o
 .text.__get_CONTROL
                0x0000000000000000        0x8 build/cmsis/core_cm3.o
 .text.__set_CONTROL
                0x0000000000000000        0x8 build/cmsis/core_cm3.o
 .text.__REV    0x0000000000000000        0x4 build/cmsis/core_cm3.o
 .text.__REV16  0x0000000000000000        0x4 build/cmsis/core_cm3.o
 .text.__REVSH  0x0000000000000000        0x4 build/cmsis/core_cm3.o
 .text.__RBIT   0x0000000000000000        0x8 build/cmsis/core_cm3.o
 .text.__LDREXB
                0x0000000000000000        0x8 build/cmsis/core_cm3.o
 .text.__LDREXH
                0x0000000000000000        0x8 build/cmsis/core_cm3.o
 .text.__LDREXW
                0x0000000000000000        0x8 build/cmsis/core_cm3.o
 .text.__STREXB
                0x0000000000000000        0x8 build/cmsis/core_cm3.o
 .text.__STREXH
                0x0000000000000000        0x8 build/cmsis/core_cm3.o
 .text.__STREXW
                0x0000000000000000        0x8 build/cmsis/core_cm3.o
 .comment       0x0000000000000000       0x34 build/cmsis/core_cm3.o
 .ARM.attributes
                0x0000000000000000       0x2d build/cmsis/core_cm3.o
 .text          0x0000000000000000        0x0 build/lib/src/stm32f10x_gpio.o
 .data          0x0000000000000000        0x0 build/lib/src/stm32f10x_gpio.o
 .bss           0x0000000000000000        0x0 build/lib/src/stm32f10x_gpio.o
 .text.GPIO_DeInit
                0x0000000000000000       0xdc build/lib/src/stm32f10x_gpio.o
 .text.GPIO_AFIODeInit
                0x0000000000000000       0x18 build/lib/src/stm32f10x_gpio.o
 .text.GPIO_Init
                0x0000000000000000       0xc4 build/lib/src/stm32f10x_gpio.o
 .text.GPIO_StructInit
                0x0000000000000000       0x10 build/lib/src/stm32f10x_gpio.o
 .text.GPIO_ReadInputDataBit
                0x0000000000000000        0xc build/lib/src/stm32f10x_gpio.o
 .text.GPIO_ReadInputData
                0x0000000000000000        0x8 build/lib/src/stm32f10x_gpio.o
 .text.GPIO_ReadOutputDataBit
                0x0000000000000000        0xc build/lib/src/stm32f10x_gpio.o
 .text.GPIO_ReadOutputData
                0x0000000000000000        0x8 build/lib/src/stm32f10x_gpio.o
 .text.GPIO_SetBits
                0x0000000000000000        0x4 build/lib/src/stm32f10x_gpio.o
 .text.GPIO_ResetBits
                0x0000000000000000        0x4 build/lib/src/stm32f10x_gpio.o
 .text.GPIO_WriteBit
                0x0000000000000000        0xc build/lib/src/stm32f10x_gpio.o
 .text.GPIO_Write
                0x0000000000000000        0x4 build/lib/src/stm32f10x_gpio.o
 .text.GPIO_PinLockConfig
                0x0000000000000000       0x10 build/lib/src/stm32f10x_gpio.o
 .text.GPIO_EventOutputConfig
                0x0000000000000000       0x1c build/lib/src/stm32f10x_gpio.o
 .text.GPIO_EventOutputCmd
                0x0000000000000000        0xc build/lib/src/stm32f10x_gpio.o
 .text.GPIO_PinRemapConfig
                0x0000000000000000       0x70 build/lib/src/stm32f10x_gpio.o
 .text.GPIO_EXTILineConfig
                0x0000000000000000       0x2c build/lib/src/stm32f10x_gpio.o
 .text.GPIO_ETH_MediaInterfaceConfig
                0x0000000000000000        0xc build/lib/src/stm32f10x_gpio.o
 .comment       0x0000000000000000       0x34 build/lib/src/stm32f10x_gpio.o
 .ARM.attributes
                0x0000000000000000       0x2d build/lib/src/stm32f10x_gpio.o
 .text          0x0000000000000000        0x0 build/lib/src/stm32f10x_rcc.o
 .data          0x0000000000000000        0x0 build/lib/src/stm32f10x_rcc.o
 .bss           0x0000000000000000        0x0 build/lib/src/stm32f10x_rcc.o
 .text.RCC_DeInit
                0x0000000000000000       0x40 build/lib/src/stm32f10x_rcc.o
 .text.RCC_HSEConfig
                0x0000000000000000       0x38 build/lib/src/stm32f10x_rcc.o
 .text.RCC_WaitForHSEStartUp
                0x0000000000000000       0x30 build/lib/src/stm32f10x_rcc.o
 .text.RCC_AdjustHSICalibrationValue
                0x0000000000000000       0x14 build/lib/src/stm32f10x_rcc.o
 .text.RCC_HSICmd
                0x0000000000000000        0xc build/lib/src/stm32f10x_rcc.o
 .text.RCC_PLLConfig
                0x0000000000000000       0x14 build/lib/src/stm32f10x_rcc.o
 .text.RCC_PLLCmd
                0x0000000000000000        0xc build/lib/src/stm32f10x_rcc.o
 .text.RCC_SYSCLKConfig
                0x0000000000000000       0x14 build/lib/src/stm32f10x_rcc.o
 .text.RCC_GetSYSCLKSource
                0x0000000000000000       0x10 build/lib/src/stm32f10x_rcc.o
 .text.RCC_HCLKConfig
                0x0000000000000000       0x14 build/lib/src/stm32f10x_rcc.o
 .text.RCC_PCLK1Config
                0x0000000000000000       0x14 build/lib/src/stm32f10x_rcc.o
 .text.RCC_PCLK2Config
                0x0000000000000000       0x14 build/lib/src/stm32f10x_rcc.o
 .text.RCC_ITConfig
                0x0000000000000000       0x18 build/lib/src/stm32f10x_rcc.o
 .text.RCC_USBCLKConfig
                0x0000000000000000        0xc build/lib/src/stm32f10x_rcc.o
 .text.RCC_ADCCLKConfig
                0x0000000000000000       0x14 build/lib/src/stm32f10x_rcc.o
 .text.RCC_LSEConfig
                0x0000000000000000       0x28 build/lib/src/stm32f10x_rcc.o
 .text.RCC_LSICmd
                0x0000000000000000        0xc build/lib/src/stm32f10x_rcc.o
 .text.RCC_RTCCLKConfig
                0x0000000000000000       0x10 build/lib/src/stm32f10x_rcc.o
 .text.RCC_RTCCLKCmd
                0x0000000000000000        0xc build/lib/src/stm32f10x_rcc.o
 .text.RCC_GetClocksFreq
                0x0000000000000000       0x90 build/lib/src/stm32f10x_rcc.o
 .text.RCC_AHBPeriphClockCmd
                0x0000000000000000       0x18 build/lib/src/stm32f10x_rcc.o
 .text.RCC_APB2PeriphClockCmd
                0x0000000000000000       0x18 build/lib/src/stm32f10x_rcc.o
 .text.RCC_APB1PeriphClockCmd
                0x0000000000000000       0x18 build/lib/src/stm32f10x_rcc.o
 .text.RCC_APB2PeriphResetCmd
                0x0000000000000000       0x18 build/lib/src/stm32f10x_rcc.o
 .text.RCC_APB1PeriphResetCmd
                0x0000000000000000       0x18 build/lib/src/stm32f10x_rcc.o
 .text.RCC_BackupResetCmd
                0x0000000000000000        0xc build/lib/src/stm32f10x_rcc.o
 .text.RCC_ClockSecuritySystemCmd
                0x0000000000000000        0xc build/lib/src/stm32f10x_rcc.o
 .text.RCC_MCOConfig
                0x0000000000000000        0xc build/lib/src/stm32f10x_rcc.o
 .text.RCC_GetFlagStatus
                0x0000000000000000       0x34 build/lib/src/stm32f10x_rcc.o
 .text.RCC_ClearFlag
                0x0000000000000000       0x10 build/lib/src/stm32f10x_rcc.o
 .text.RCC_GetITStatus
                0x0000000000000000       0x14 build/lib/src/stm32f10x_rcc.o
 .text.RCC_ClearITPendingBit
                0x0000000000000000        0xc build/lib/src/stm32f10x_rcc.o
 .data.ADCPrescTable
                0x0000000000000000        0x4 build/lib/src/stm32f10x_rcc.o
 .data.APBAHBPrescTable
                0x0000000000000000       0x10 build/lib/src/stm32f10x_rcc.o
 .comment       0x0000000000000000       0x34 build/lib/src/stm32f10x_rcc.o
 .ARM.attributes
                0x0000000000000000       0x2d build/lib/src/stm32f10x_rcc.o
 .text          0x0000000000000000        0x0 build/lib/src/system_stm32f10x.o
 .data          0x0000000000000000        0x0 build/lib/src/system_stm32f10x.o
 .bss           0x0000000000000000        0x0 build/lib/src/system_stm32f10x.o
 .text.SystemInit
                0x0000000000000000      0x100 build/lib/src/system_stm32f10x.o
 .text.SystemCoreClockUpdate
                0x0000000000000000       0x5c build/lib/src/system_stm32f10x.o
 .data.AHBPrescTable
                0x0000000000000000       0x10 build/lib/src/system_stm32f10x.o
 .data.SystemCoreClock
                0x0000000000000000        0x4 build/lib/src/system_stm32f10x.o
 .comment       0x0000000000000000       0x34 build/lib/src/system_stm32f10x.o
 .ARM.attributes
                0x0000000000000000       0x2d build/lib/src/system_stm32f10x.o
 .text          0x0000000000000000        0x0 build/startup.o
 .data          0x0000000000000000        0x0 build/startup.o
 .bss           0x0000000000000000        0x0 build/startup.o

Memory Configuration

Name             Origin             Length             Attributes
FLASH            0x0000000008000000 0x0000000000010000 xr
RAM              0x0000000020000000 0x0000000000005000 xrw
*default*        0x0000000000000000 0xffffffffffffffff

Linker script and memory map

LOAD build/src/main.o
LOAD build/driver/adc.o
LOAD build/driver/uart.o
LOAD build/driver/timer.o
LOAD build/cmsis/core_cm3.o
LOAD build/lib/src/stm32f10x_gpio.o
LOAD build/lib/src/stm32f10x_rcc.o
LOAD build/lib/src/system_stm32f10x.o
LOAD build/startup.o
                0x0000000020005000                _estack = (ORIGIN (RAM) + LENGTH (RAM))

.isr_vector     0x0000000008000000       0xec
                0x0000000008000000                . = ALIGN (0x4)
 *(.isr_vector)
 .isr_vector    0x0000000008000000       0xec build/startup.o
                0x00000000080000ec                . = ALIGN (0x4)

.text           0x00000000080000ec      0x4ac
                0x00000000080000ec                . = ALIGN (0x4)
 *(.text)
 *(.text.*)
 .text.startup.main
                0x00000000080000ec      0x184 build/src/main.o
                0x00000000080000ec                main
 .text.UART_Init
                0x0000000008000270       0x58 build/driver/uart.o
                0x0000000008000270                UART_Init
 .text.UART_SendString
                0x00000000080002c8       0x20 build/driver/uart.o
                0x00000000080002c8                UART_SendString
 .text.UART_SendNumber
                0x00000000080002e8       0x70 build/driver/uart.o
                0x00000000080002e8                UART_SendNumber
 .text.USART1_IRQHandler
                0x0000000008000358       0x64 build/driver/uart.o
                0x0000000008000358                USART1_IRQHandler
 .text.UART_CommandReady
                0x00000000080003bc        0xc build/driver/uart.o
                0x00000000080003bc                UART_CommandReady
 .text.UART_GetCommand
                0x00000000080003c8       0x38 build/driver/uart.o
                0x00000000080003c8                UART_GetCommand
 .text.Timer_PWM_Init
                0x0000000008000400       0x90 build/driver/timer.o
                0x0000000008000400                Timer_PWM_Init
 .text.PWM_SetDuty
                0x0000000008000490       0x2c build/driver/timer.o
                0x0000000008000490                PWM_SetDuty
 .text.PWM_On   0x00000000080004bc       0x18 build/driver/timer.o
                0x00000000080004bc                PWM_On
 .text.PWM_Off  0x00000000080004d4       0x1c build/driver/timer.o
                0x00000000080004d4                PWM_Off
 .text.PWM_GetDuty
                0x00000000080004f0        0xc build/driver/timer.o
                0x00000000080004f0                PWM_GetDuty
 .text.PWM_GetState
                0x00000000080004fc        0xc build/driver/timer.o
                0x00000000080004fc                PWM_GetState
 .text.Reset_Handler
                0x0000000008000508        0x6 build/startup.o
                0x0000000008000508                Reset_Handler
 .text.Default_Handler
                0x000000000800050e        0x2 build/startup.o
 *(.rodata)
 *(.rodata.*)
 .rodata.main.str1.4
                0x0000000008000510       0x86 build/src/main.o
                0x0000000008000598                . = ALIGN (0x4)
 *fill*         0x0000000008000596        0x2 
                0x0000000008000598                _etext = .
                0x0000000008000598                _sidata = LOADADDR (.data)

.glue_7         0x0000000008000598        0x0
 .glue_7        0x0000000008000598        0x0 linker stubs

.glue_7t        0x0000000008000598        0x0
 .glue_7t       0x0000000008000598        0x0 linker stubs

.vfp11_veneer   0x0000000008000598        0x0
 .vfp11_veneer  0x0000000008000598        0x0 linker stubs

.v4_bx          0x0000000008000598        0x0
 .v4_bx         0x0000000008000598        0x0 linker stubs

.iplt           0x0000000008000598        0x0
 .iplt          0x0000000008000598        0x0 build/src/main.o

.rel.dyn        0x0000000008000598        0x0
 .rel.iplt      0x0000000008000598        0x0 build/src/main.o

.data           0x0000000020000000        0x4 load address 0x0000000008000598
                0x0000000020000000                . = ALIGN (0x4)
                0x0000000020000000                _sdata = .
 *(.data)
 *(.data.*)
 .data.duty     0x0000000020000000        0x1 build/driver/timer.o
                0x0000000020000004                . = ALIGN (0x4)
 *fill*         0x0000000020000001        0x3 
                0x0000000020000004                _edata = .

.igot.plt       0x0000000020000004        0x0 load address 0x000000000800059c
 .igot.plt      0x0000000020000004        0x0 build/src/main.o

.bss            0x0000000020000004       0x24 load address 0x000000000800059c
                0x0000000020000004                . = ALIGN (0x4)
                0x0000000020000004                _sbss = .
 *(.bss)
 *(.bss.*)
 .bss.command   0x0000000020000004       0x20 build/driver/uart.o
 .bss.index     0x0000000020000024        0x1 build/driver/uart.o
 .bss.ready     0x0000000020000025        0x1 build/driver/uart.o
 .bss.state     0x0000000020000026        0x1 build/driver/timer.o
 *(COMMON)
                0x0000000020000028                . = ALIGN (0x4)
 *fill*         0x0000000020000027        0x1 
                0x0000000020000028                _ebss = .
OUTPUT(build/firmware.elf elf32-littlearm)
LOAD linker stubs

.comment        0x0000000000000000       0x33
 .comment       0x0000000000000000       0x33 build/src/main.o
                                         0x34 (size before relaxing)
 .comment       0x0000000000000033       0x34 build/driver/uart.o
 .comment       0x0000000000000033       0x34 build/driver/timer.o

.ARM.attributes
                0x0000000000000000       0x2b
 .ARM.attributes
                0x0000000000000000       0x2d build/src/main.o
 .ARM.attributes
                0x000000000000002d       0x2d build/driver/uart.o
 .ARM.attributes
                0x000000000000005a       0x2d build/driver/timer.o
 .ARM.attributes
                0x0000000000000087       0x21 build/startup.o
